// Jest Snapshot v1, https://goo.gl/fbAQLP

exports[`App Component It should render 1`] = `
<div
  className="appDiv"
>
  <h1
    className="math"
  >
    Let's Do Some Math!
  </h1>
  <div>
    <form
      action=""
    >
      <input
        className="Calc"
        id="lname"
        name="lname"
        readOnly={true}
        type="text"
        value="0"
      />
    </form>
  </div>
  <div>
    <div
      className="board-all"
    >
      <div
        className="board-row"
      >
        <button
          className="square"
          onClick={[Function]}
          style={
            Object {
              "backgroundColor": "lightgrey",
            }
          }
          type="button"
        >
          A/C
        </button>
        <button
          className="square"
          onClick={[Function]}
          style={
            Object {
              "backgroundColor": "lightgrey",
            }
          }
          type="button"
        >
          +/-
        </button>
        <button
          className="square"
          onClick={[Function]}
          style={
            Object {
              "backgroundColor": "lightgrey",
            }
          }
          type="button"
        >
          %
        </button>
        <button
          className="square"
          onClick={[Function]}
          style={
            Object {
              "backgroundColor": "orange",
            }
          }
          type="button"
        >
          /
        </button>
      </div>
      <div
        className="board-row"
      >
        <button
          className="square"
          onClick={[Function]}
          style={
            Object {
              "backgroundColor": "lightgrey",
            }
          }
          type="button"
        >
          7
        </button>
        <button
          className="square"
          onClick={[Function]}
          style={
            Object {
              "backgroundColor": "lightgrey",
            }
          }
          type="button"
        >
          8
        </button>
        <button
          className="square"
          onClick={[Function]}
          style={
            Object {
              "backgroundColor": "lightgrey",
            }
          }
          type="button"
        >
          9
        </button>
        <button
          className="square"
          onClick={[Function]}
          style={
            Object {
              "backgroundColor": "orange",
            }
          }
          type="button"
        >
          x
        </button>
      </div>
      <div
        className="board-row"
      >
        <button
          className="square"
          onClick={[Function]}
          style={
            Object {
              "backgroundColor": "lightgrey",
            }
          }
          type="button"
        >
          4
        </button>
        <button
          className="square"
          onClick={[Function]}
          style={
            Object {
              "backgroundColor": "lightgrey",
            }
          }
          type="button"
        >
          5
        </button>
        <button
          className="square"
          onClick={[Function]}
          style={
            Object {
              "backgroundColor": "lightgrey",
            }
          }
          type="button"
        >
          6
        </button>
        <button
          className="square"
          onClick={[Function]}
          style={
            Object {
              "backgroundColor": "orange",
            }
          }
          type="button"
        >
          -
        </button>
      </div>
      <div
        className="board-row"
      >
        <button
          className="square"
          onClick={[Function]}
          style={
            Object {
              "backgroundColor": "lightgrey",
            }
          }
          type="button"
        >
          1
        </button>
        <button
          className="square"
          onClick={[Function]}
          style={
            Object {
              "backgroundColor": "lightgrey",
            }
          }
          type="button"
        >
          2
        </button>
        <button
          className="square"
          onClick={[Function]}
          style={
            Object {
              "backgroundColor": "lightgrey",
            }
          }
          type="button"
        >
          3
        </button>
        <button
          className="square"
          onClick={[Function]}
          style={
            Object {
              "backgroundColor": "orange",
            }
          }
          type="button"
        >
          +
        </button>
      </div>
      <div
        className="board-row"
      >
        <button
          className="longButton"
          onClick={[Function]}
          style={
            Object {
              "backgroundColor": "lightgrey",
            }
          }
          type="button"
        >
          0
        </button>
        <button
          className="square"
          onClick={[Function]}
          style={
            Object {
              "backgroundColor": "lightgrey",
            }
          }
          type="button"
        >
          .
        </button>
        <button
          className="square"
          onClick={[Function]}
          style={
            Object {
              "backgroundColor": "orange",
            }
          }
          type="button"
        >
          =
        </button>
      </div>
    </div>
  </div>
</div>
`;
